// Jest Snapshot v1, https://goo.gl/fbAQLP

exports[`App component matches snapshot 1`] = `
<div
  className="App"
  data-testid="App"
>
  <input
    data-testid="firstNumber"
    id="firstNumber"
    name="firstNumber"
    onChange={[Function]}
    type="number"
    value=""
  />
  <select
    data-testid="operation"
    id="operation"
    name="operation"
    onChange={[Function]}
    selected="add"
  >
    <option
      value="add"
    >
      +
    </option>
    <option
      value="subtract"
    >
      -
    </option>
    <option
      value="multiply"
    >
      *
    </option>
    <option
      value="divide"
    >
      /
    </option>
  </select>
  <input
    data-testid="secondNumber"
    id="secondNumber"
    name="secondNumber"
    onChange={[Function]}
    type="number"
    value=""
  />
  <button
    data-testid="equalSign"
    onClick={[Function]}
  >
    =
  </button>
  <div
    className="result"
    data-testid="result"
  >
     
    0
     
  </div>
</div>
`;
